Microchip MPLAB XC8 Compiler V2.50

Linker command line:

-W-3 \
  --edf=F:\Program Files\Microchip\xc8\v2.50\pic\dat\20240725155939_en.msgs \
  -cn -h+dist/default/production\projekat4.X.production.sym \
  --cmf=dist/default/production\projekat4.X.production.cmf -z -Q18F2520 \
  -oC:\Users\LIMEMI~1\AppData\Local\Temp\xcAs540.\driver_tmp_3.o \
  --defsym=__MPLAB_BUILD=1 --fixupoverflow=error \
  -Mdist/default/production/projekat4.X.production.map \
  --md=C:\Users\LIMEMI~1\AppData\Local\Temp\xcAs540.\driver_tmp_0.dat -E1 \
  -ver=XC8 Compiler --acfsm=1493 -ACODE=00h-07FFFh -ACONST=00h-07FFFh \
  -ASMALLCONST=0600h-06FFhx122 -AMEDIUMCONST=0600h-07FFFh -ACOMRAM=01h-07Fh \
  -AABS1=00h-05FFh -ABIGRAM=01h-05FFh -ARAM=080h-0FFh,0100h-01FFhx5 \
  -ABANK0=080h-0FFh -ABANK1=0100h-01FFh -ABANK2=0200h-02FFh \
  -ABANK3=0300h-03FFh -ABANK4=0400h-04FFh -ABANK5=0500h-05FFh \
  -ASFR=0F80h-0FFFh -ABIGSFR=0F80h-0FFFh -ACONFIG=0300000h-030000Dh \
  -AIDLOC=0200000h-0200007h -AEEDATA=0F00000h-0F000FFh -peeprom_data=EEDATA \
  -preset_vec=00h,intcode,intcodelo=18h,powerup,init -pramtop=0600h \
  -psmallconst=SMALLCONST -pmediumconst=MEDIUMCONST -pconst=CONST \
  -AFARRAM=00h-00h \
  -prdata=COMRAM,nvrram=COMRAM,nvbit=COMRAM,rbss=COMRAM,rbit=COMRAM \
  -pfarbss=FARRAM,fardata=FARRAM,nvFARRAM=FARRAM \
  -pintsave_regs=BIGRAM,bigbss=BIGRAM,bigdata=BIGRAM -pbss=RAM \
  -pidata=CODE,irdata=CODE,ibigdata=CODE,ifardata=CODE -prparam=COMRAM \
  C:\Users\LIMEMI~1\AppData\Local\Temp\xcAs540.\driver_tmp_9.o \
  dist/default/production\projekat4.X.production.o 

Object code version is 3.11

Machine type is 18F2520



                Name                               Link     Load   Length Selector   Space Scale
C:\Users\LIMEMI~1\AppData\Local\Temp\xcAs540.\driver_tmp_9.o
                idloc                            200000   200000        8        0       5
                config                           300000   300000        E        0       4
                init                                18E      18E        4        C       0
                reset_vec                             0        0        4        0       0
dist/default/production\projekat4.X.production.o
                intcodelo                            18       18      176        C       0
                idloc                            200000   200000        8        0       5
                config                           300000   300000        E        0       4
                temp                                 2B       2B        1        1       1
                smallconst                          600      600        2      300       0
                text5                               794      794       68      301       0
                text4                               890      890       16      301       0
                text3                               602      602      192      301       0
                text2                               85E      85E       1C      301       0
                text1                               7FC      7FC       40      301       0
                text0                               83C      83C       22      301       0
                cstackCOMRAM                          1        1       16        1       1
                bssCOMRAM                            17       17       14        1       1
                cinit                               87A      87A       16      301       0

TOTAL           Name                               Link     Load   Length     Space
        CLASS   CODE           
                intcodelo                            18       18      176         0
                init                                18E      18E        4         0
                reset_vec                             0        0        4         0
                text5                               794      794       68         0
                text4                               890      890       16         0
                text3                               602      602      192         0
                text2                               85E      85E       1C         0
                text1                               7FC      7FC       40         0
                text0                               83C      83C       22         0
                cinit                               87A      87A       16         0

        CLASS   CONST          

        CLASS   SMALLCONST     
                smallconst                          600      600        2         0

        CLASS   MEDIUMCONST    

        CLASS   COMRAM         
                temp                                 2B       2B        1         1
                cstackCOMRAM                          1        1       16         1
                bssCOMRAM                            17       17       14         1

        CLASS   ABS1           

        CLASS   BIGRAM         

        CLASS   RAM            

        CLASS   BANK0          

        CLASS   BANK1          

        CLASS   BANK2          

        CLASS   BANK3          

        CLASS   BANK4          

        CLASS   BANK5          

        CLASS   SFR            

        CLASS   BIGSFR         

        CLASS   CONFIG         
                config                           300000   300000        E         4

        CLASS   IDLOC          
                idloc                            200000   200000        8         5

        CLASS   EEDATA         

        CLASS   FARRAM         

        CLASS   HEAP           

        CLASS   STACK          



SEGMENTS        Name                           Load    Length   Top    Selector   Space  Class

                reset_vec                      000000  000004  000004         0       0  CODE    
                cstackCOMRAM                   000001  00002B  00002C         1       1  COMRAM  
                intcodelo                      000018  00017A  000192         C       0  CODE    
                smallconst                     000600  000002  000602       300       0  SMALLCON
                text3                          000602  0002A4  0008A6       301       0  CODE    


UNUSED ADDRESS RANGES

        Name                Unused          Largest block    Delta
        BANK0            000080-0000FF               80
        BANK1            000100-0001FF              100
        BANK2            000200-0002FF              100
        BANK3            000300-0003FF              100
        BANK4            000400-0004FF              100
        BANK5            000500-0005FF              100
        BIGRAM           00002C-0005FF              5D4
        BIGSFR           000F80-000FFF               80
        CODE             000004-000017               14
                         000192-0005FF              46E
                         0008A6-007FFF             775A
        COMRAM           00002C-00007F               54
        CONST            000004-000017               14
                         000192-0005FF              46E
                         0008A6-007FFF             775A
        EEDATA           F00000-F000FF              100
        MEDIUMCONST      0008A6-007FFF             775A
        RAM              000080-0005FF              100
        SFR              000F80-000FFF               80
        SMALLCONST       0008A6-007FFF              100

                                  Symbol Table

?_read_adc               cstackCOMRAM 000004
_ADCON0                  (abs)        000FC2
_ADCON0bits              (abs)        000FC2
_ADCON1                  (abs)        000FC1
_ADCON2                  (abs)        000FC0
_ADRESH                  (abs)        000FC4
_ADRESL                  (abs)        000FC3
_BAUDCONbits             (abs)        000FB8
_ByteX                   bssCOMRAM    000017
_FLAG                    bssCOMRAM    00002A
_Flag1                   bssCOMRAM    000029
_INTCON                  (abs)        000FF2
_INTCONbits              (abs)        000FF2
_ISR                     intcodelo    000018
_PORTA                   (abs)        000F80
_PORTAbits               (abs)        000F80
_PORTB                   (abs)        000F81
_PORTBbits               (abs)        000F81
_PORTC                   (abs)        000F82
_RCSTA                   (abs)        000FAB
_SPBRG                   (abs)        000FAF
_SPBRGH                  (abs)        000FB0
_T0CON                   (abs)        000FD5
_TMR0H                   (abs)        000FD7
_TMR0L                   (abs)        000FD6
_TRISA                   (abs)        000F92
_TRISB                   (abs)        000F93
_TRISC                   (abs)        000F94
_TRISCbits               (abs)        000F94
_TXREG                   (abs)        000FAD
_TXSTAbits               (abs)        000FAC
_UART_Init               text2        00085E
__HRAM                   (abs)        000000
__H__absolute__          __absolute__ 000000
__Habs1                  abs1         000000
__Hbank0                 bank0        000000
__Hbank1                 bank1        000000
__Hbank2                 bank2        000000
__Hbank3                 bank3        000000
__Hbank4                 bank4        000000
__Hbank5                 bank5        000000
__Hbigbss                bigbss       000000
__Hbigdata               bigdata      000000
__Hbigram                bigram       000000
__Hbigsfr                bigsfr       000000
__Hbss                   bss          000000
__HbssCOMRAM             bssCOMRAM    000000
__Hcinit                 cinit        000000
__Hclrtext               clrtext      000000
__Hcomram                comram       000000
__Hconfig                config       30000E
__Hconst                 const        000000
__HcstackCOMRAM          cstackCOMRAM 000000
__Hdata                  data         000000
__Heeprom_data           eeprom_data  000000
__Hfarbss                farbss       000000
__Hfardata               fardata      000000
__Hheap                  heap         000000
__Hibigdata              ibigdata     000000
__Hidata                 idata        000000
__Hidloc                 idloc        200008
__Hifardata              ifardata     000000
__Hinit                  init         000192
__Hintcode               intcode      000004
__Hintcode_body          intcode_body 000000
__Hintcodelo             intcodelo    00018E
__Hintentry              intentry     000000
__Hintret                intret       000000
__Hintsave_regs          intsave_regs 000000
__Hirdata                irdata       000000
__Hmediumconst           mediumconst  000000
__HnvFARRAM              nvFARRAM     000000
__Hnvbit                 nvbit        000000
__Hnvrram                nvrram       000000
__Hparam                 rparam       000000
__Hpowerup               powerup      00018E
__Hram                   ram          000000
__Hramtop                ramtop       000600
__Hrbit                  rbit         000000
__Hrbss                  rbss         000000
__Hrdata                 rdata        000000
__Hreset_vec             reset_vec    000004
__Hrparam                rparam       000000
__Hsfr                   sfr          000000
__Hsivt_hi               sivt_hi      000000
__Hsivt_lo               sivt_lo      000000
__Hsmallconst            smallconst   000602
__Hspace_0               (abs)        0008A6
__Hspace_1               (abs)        00002C
__Hspace_2               (abs)        000000
__Hspace_4               (abs)        60000E
__Hstack                 stack        000000
__Hstruct                struct       000000
__Htemp                  temp         00002C
__Htext                  text         000000
__Htext0                 text0        000000
__Htext1                 text1        000000
__Htext2                 text2        000000
__Htext3                 text3        000000
__Htext4                 text4        000000
__Htext5                 text5        000000
__LRAM                   (abs)        000001
__L__absolute__          __absolute__ 000000
__Labs1                  abs1         000000
__Lbank0                 bank0        000000
__Lbank1                 bank1        000000
__Lbank2                 bank2        000000
__Lbank3                 bank3        000000
__Lbank4                 bank4        000000
__Lbank5                 bank5        000000
__Lbigbss                bigbss       000000
__Lbigdata               bigdata      000000
__Lbigram                bigram       000000
__Lbigsfr                bigsfr       000000
__Lbss                   bss          000000
__LbssCOMRAM             bssCOMRAM    000000
__Lcinit                 cinit        000000
__Lclrtext               clrtext      000000
__Lcomram                comram       000000
__Lconfig                config       000000
__Lconst                 const        000000
__LcstackCOMRAM          cstackCOMRAM 000000
__Ldata                  data         000000
__Leeprom_data           eeprom_data  000000
__Lfarbss                farbss       000000
__Lfardata               fardata      000000
__Lheap                  heap         000000
__Libigdata              ibigdata     000000
__Lidata                 idata        000000
__Lidloc                 idloc        000000
__Lifardata              ifardata     000000
__Linit                  init         00018E
__Lintcode               intcode      000004
__Lintcode_body          intcode_body 000000
__Lintcodelo             intcodelo    000018
__Lintentry              intentry     000000
__Lintret                intret       000000
__Lintsave_regs          intsave_regs 000000
__Lirdata                irdata       000000
__Lmediumconst           mediumconst  000000
__LnvFARRAM              nvFARRAM     000000
__Lnvbit                 nvbit        000000
__Lnvrram                nvrram       000000
__Lparam                 rparam       000000
__Lpowerup               powerup      00018E
__Lram                   ram          000000
__Lramtop                ramtop       000600
__Lrbit                  rbit         000000
__Lrbss                  rbss         000000
__Lrdata                 rdata        000000
__Lreset_vec             reset_vec    000000
__Lrparam                rparam       000000
__Lsfr                   sfr          000000
__Lsivt_hi               sivt_hi      000000
__Lsivt_lo               sivt_lo      000000
__Lsmallconst            smallconst   000600
__Lspace_0               (abs)        000000
__Lspace_1               (abs)        000000
__Lspace_2               (abs)        000000
__Lspace_4               (abs)        000000
__Lstack                 stack        000000
__Lstruct                struct       000000
__Ltemp                  temp         00002B
__Ltext                  text         000000
__Ltext0                 text0        000000
__Ltext1                 text1        000000
__Ltext2                 text2        000000
__Ltext3                 text3        000000
__Ltext4                 text4        000000
__Ltext5                 text5        000000
__S0                     (abs)        0008A6
__S1                     (abs)        00002C
__S4                     (abs)        000000
__S5                     (abs)        000000
___heap_hi               (abs)        000000
___heap_lo               (abs)        000000
___inthi_sp              stack        000000
___inthi_stack_hi        stack        000000
___inthi_stack_lo        stack        000000
___intlo_sp              stack        000000
___intlo_stack_hi        stack        000000
___intlo_stack_lo        stack        000000
___param_bank            (abs)        000000
___rparam_used           (abs)        000001
___sp                    stack        000000
___stack_hi              stack        000000
___stack_lo              stack        000000
__accesstop              (abs)        000080
__activetblptr           (abs)        000000
__end_of_ISR             intcodelo    00018E
__end_of_UART_Init       text2        00087A
__end_of__initialization cinit        000886
__end_of_akvizicija      text3        000794
__end_of_init            text1        00083C
__end_of_main            text0        00085E
__end_of_read_adc        text5        0007FC
__end_of_transmit_data   text4        0008A6
__initialization         cinit        00087A
__mediumconst            mediumconst  000000
__pbssCOMRAM             bssCOMRAM    000017
__pcinit                 cinit        00087A
__pcstackCOMRAM          cstackCOMRAM 000001
__pintcodelo             intcodelo    000018
__psmallconst            smallconst   000600
__ptext0                 text0        00083C
__ptext1                 text1        0007FC
__ptext2                 text2        00085E
__ptext3                 text3        000602
__ptext4                 text4        000890
__ptext5                 text5        000794
__ramtop                 ramtop       000600
__smallconst             smallconst   000600
_akvizicija              text3        000602
_cnt                     bssCOMRAM    000027
_init                    text1        0007FC
_main                    text0        00083C
_read_adc                text5        000794
_res                     bssCOMRAM    000025
_transmit_data           text4        000890
akvizicija@Infrared      cstackCOMRAM 00000F
akvizicija@NInfrared     cstackCOMRAM 000013
akvizicija@NRed          cstackCOMRAM 000011
akvizicija@Red           cstackCOMRAM 00000D
akvizicija@i             cstackCOMRAM 000015
btemp                    temp         00002B
end_of_initialization    cinit        000886
int$flags                temp         00002B
intlevel0                text         000000
intlevel1                text         000000
intlevel2                text         000000
intlevel3                text         000000
isa$std                  (abs)        000001
isa$xinst                (abs)        000000
read_adc@BR_KANALA       cstackCOMRAM 000008
read_adc@i               cstackCOMRAM 000009
stackhi                  (abs)        000000
stacklo                  (abs)        000000
start                    init         00018E
start_initialization     cinit        00087A
transmit_data@data_8b    cstackCOMRAM 000004
ttemp5                   temp         00002C
ttemp6                   temp         00002F
ttemp7                   temp         000033
wtemp8                   temp         00002C


MODULE INFORMATION

Module		Function		Class		Link	Load	Size
shared
		__initialization		CODE           	087A	0000	12

shared estimated size: 12

main.c
		_transmit_data 		CODE           	0890	0000	22
		_init          		CODE           	07FC	0000	64
		_ISR           		CODE           	0018	0000	374
		_UART_Init     		CODE           	085E	0000	28
		_main          		CODE           	083C	0000	34
		_akvizicija    		CODE           	0602	0000	402
		_read_adc      		CODE           	0794	0000	104

main.c estimated size: 1028

