Microchip MPLAB XC8 Compiler V2.50

Linker command line:

-W-3 \
  --edf=F:\Program Files\Microchip\xc8\v2.50\pic\dat\20240725155939_en.msgs \
  -cn -h+dist/default/production\ekg_sdcard.X.production.sym \
  --cmf=dist/default/production\ekg_sdcard.X.production.cmf -z -Q18F2520 \
  -oC:\Users\LIMEMI~1\AppData\Local\Temp\xcAsrk8.\driver_tmp_3.o \
  --defsym=__MPLAB_BUILD=1 --fixupoverflow=error \
  -Mdist/default/production/ekg_sdcard.X.production.map \
  --md=C:\Users\LIMEMI~1\AppData\Local\Temp\xcAsrk8.\driver_tmp_0.dat -E1 \
  -ver=XC8 Compiler --acfsm=1493 -ACODE=00h-07FFFh -ACONST=00h-07FFFh \
  -ASMALLCONST=0600h-06FFhx122 -AMEDIUMCONST=0600h-07FFFh -ACOMRAM=01h-07Fh \
  -AABS1=00h-05FFh -ABIGRAM=01h-05FFh -ARAM=080h-0FFh,0100h-01FFhx5 \
  -ABANK0=080h-0FFh -ABANK1=0100h-01FFh -ABANK2=0200h-02FFh \
  -ABANK3=0300h-03FFh -ABANK4=0400h-04FFh -ABANK5=0500h-05FFh \
  -ASFR=0F80h-0FFFh -ABIGSFR=0F80h-0FFFh -ACONFIG=0300000h-030000Dh \
  -AIDLOC=0200000h-0200007h -AEEDATA=0F00000h-0F000FFh -peeprom_data=EEDATA \
  -preset_vec=00h,intcode,intcodelo=18h,powerup,init -pramtop=0600h \
  -psmallconst=SMALLCONST -pmediumconst=MEDIUMCONST -pconst=CONST \
  -AFARRAM=00h-00h \
  -prdata=COMRAM,nvrram=COMRAM,nvbit=COMRAM,rbss=COMRAM,rbit=COMRAM \
  -pfarbss=FARRAM,fardata=FARRAM,nvFARRAM=FARRAM \
  -pintsave_regs=BIGRAM,bigbss=BIGRAM,bigdata=BIGRAM -pbss=RAM \
  -pidata=CODE,irdata=CODE,ibigdata=CODE,ifardata=CODE -prparam=COMRAM \
  C:\Users\LIMEMI~1\AppData\Local\Temp\xcAsrk8.\driver_tmp_9.o \
  dist/default/production\ekg_sdcard.X.production.o 

Object code version is 3.11

Machine type is 18F2520



                Name                               Link     Load   Length Selector   Space Scale
C:\Users\LIMEMI~1\AppData\Local\Temp\xcAsrk8.\driver_tmp_9.o
                idloc                            200000   200000        8        0       5
                config                           300000   300000        E        0       4
                init                                236      236        4        C       0
                reset_vec                             0        0        4        0       0
dist/default/production\ekg_sdcard.X.production.o
                intcodelo                            18       18      21E        C       0
                idloc                            200000   200000        8        0       5
                config                           300000   300000        E        0       4
                temp                                 6A       6A        1        1       1
                smallconst                          600      600        2      300       0
                text18                              FAA      FAA       7C      301       0
                text17                              A40      A40      194      301       0
                text15                             11F6     11F6       10      301       0
                text14                             1214     1214        E      301       0
                text13                             1206     1206        E      301       0
                text12                              BD4      BD4      182      301       0
                text11                              E64      E64       B6      301       0
                text10                              D56      D56      10E      301       0
                text9                              11CA     11CA       1C      301       0
                text8                               88A      88A      1B6      301       0
                text7                              11E6     11E6       10      301       0
                text6                              1134     1134       3A      301       0
                text5                              1088     1088       60      301       0
                text4                              116E     116E       32      301       0
                text3                              1026     1026       62      301       0
                text2                              10E8     10E8       4C      301       0
                text1                               F1A      F1A       90      301       0
                text0                               602      602      288      301       0
                cstackCOMRAM                         3B       3B       2F        1       1
                cstackBANK0                          80       80        8       80       1
                bssBIGRAM                            88       88      400       88       1
                bssCOMRAM                             1        1       3A        1       1
                cinit                              11A0     11A0       2A      301       0

TOTAL           Name                               Link     Load   Length     Space
        CLASS   CODE           
                intcodelo                            18       18      21E         0
                init                                236      236        4         0
                reset_vec                             0        0        4         0
                text18                              FAA      FAA       7C         0
                text17                              A40      A40      194         0
                text15                             11F6     11F6       10         0
                text14                             1214     1214        E         0
                text13                             1206     1206        E         0
                text12                              BD4      BD4      182         0
                text11                              E64      E64       B6         0
                text10                              D56      D56      10E         0
                text9                              11CA     11CA       1C         0
                text8                               88A      88A      1B6         0
                text7                              11E6     11E6       10         0
                text6                              1134     1134       3A         0
                text5                              1088     1088       60         0
                text4                              116E     116E       32         0
                text3                              1026     1026       62         0
                text2                              10E8     10E8       4C         0
                text1                               F1A      F1A       90         0
                text0                               602      602      288         0
                cinit                              11A0     11A0       2A         0

        CLASS   CONST          

        CLASS   SMALLCONST     
                smallconst                          600      600        2         0

        CLASS   MEDIUMCONST    

        CLASS   COMRAM         
                temp                                 6A       6A        1         1
                cstackCOMRAM                         3B       3B       2F         1
                bssCOMRAM                             1        1       3A         1

        CLASS   ABS1           

        CLASS   BIGRAM         
                bssBIGRAM                            88       88      400         1

        CLASS   RAM            

        CLASS   BANK0          
                cstackBANK0                          80       80        8         1

        CLASS   BANK1          

        CLASS   BANK2          

        CLASS   BANK3          

        CLASS   BANK4          

        CLASS   BANK5          

        CLASS   SFR            

        CLASS   BIGSFR         

        CLASS   CONFIG         
                config                           300000   300000        E         4

        CLASS   IDLOC          
                idloc                            200000   200000        8         5

        CLASS   EEDATA         

        CLASS   FARRAM         

        CLASS   HEAP           

        CLASS   STACK          



SEGMENTS        Name                           Load    Length   Top    Selector   Space  Class

                reset_vec                      000000  000004  000004         0       0  CODE    
                bssCOMRAM                      000001  00006A  00006B         1       1  COMRAM  
                intcodelo                      000018  000222  00023A         C       0  CODE    
                cstackBANK0                    000080  000008  000088        80       1  BANK0   
                bssBIGRAM                      000088  000400  000488        88       1  BIGRAM  
                smallconst                     000600  000002  000602       300       0  SMALLCON
                text0                          000602  000C20  001222       301       0  CODE    


UNUSED ADDRESS RANGES

        Name                Unused          Largest block    Delta
        BANK4            000488-0004FF               78
        BANK5            000500-0005FF              100
        BIGRAM           00006B-00007F               15
                         000488-0005FF              178
        BIGSFR           000F80-000FFF               80
        CODE             000004-000017               14
                         00023A-0005FF              3C6
                         001222-007FFF             6DDE
        COMRAM           00006B-00007F               15
        CONST            000004-000017               14
                         00023A-0005FF              3C6
                         001222-007FFF             6DDE
        EEDATA           F00000-F000FF              100
        MEDIUMCONST      001222-007FFF             6DDE
        RAM              000488-0005FF               78
        SFR              000F80-000FFF               80
        SMALLCONST       001222-007FFF              100

                                  Symbol Table

?_init_SDMMC                   cstackCOMRAM 00005F
SD_init@SD_version             cstackCOMRAM 00005A
SD_init@i                      cstackCOMRAM 00005B
SD_init@response               cstackCOMRAM 00005C
SD_init@retry                  cstackCOMRAM 00005D
SD_readSingleBlock@Buffer1     cstackCOMRAM 00005E
SD_readSingleBlock@i           cstackCOMRAM 000063
SD_readSingleBlock@response    cstackCOMRAM 000062
SD_readSingleBlock@retry       cstackCOMRAM 000060
SD_readSingleBlock@startBlock  cstackCOMRAM 00005A
SD_sendCommand@arg             cstackCOMRAM 00004E
SD_sendCommand@cmd             cstackCOMRAM 000059
SD_sendCommand@response        cstackCOMRAM 000058
SD_sendCommand@retry           cstackCOMRAM 000056
SD_sendCommand@status1         cstackCOMRAM 000057
SD_writeSingleBlock@Buffer1    cstackCOMRAM 00005E
SD_writeSingleBlock@i          cstackCOMRAM 000063
SD_writeSingleBlock@response   cstackCOMRAM 000062
SD_writeSingleBlock@retry      cstackCOMRAM 000060
SD_writeSingleBlock@startBlock cstackCOMRAM 00005A
SPI1_Init@sClockIdle           cstackCOMRAM 00004E
SPI1_Init@sDataSample          cstackCOMRAM 00004D
SPI1_Init@sTransmitEdge        cstackCOMRAM 00004F
SPI1_Init@sType                cstackCOMRAM 000050
SPI1_Read@d                    cstackCOMRAM 00004D
SPI1_Write@dat                 cstackCOMRAM 00004D
_ADCON0                        (abs)        000FC2
_ADCON0bits                    (abs)        000FC2
_ADCON1                        (abs)        000FC1
_ADCON2                        (abs)        000FC0
_ADC_count                     bssCOMRAM    000031
_ADC_sample                    bssCOMRAM    000015
_ADC_sample2                   bssCOMRAM    00000F
_ADRESH                        (abs)        000FC4
_ADRESL                        (abs)        000FC3
_BAUDCONbits                   (abs)        000FB8
_Buffer                        bssCOMRAM    00002F
_Buffer1                       bssBIGRAM    000288
_Buffer2                       bssBIGRAM    000088
_Buffer_count                  bssCOMRAM    00002D
_Buffer_count2                 bssCOMRAM    00002B
_Buffer_sel                    bssCOMRAM    000029
_ByteX                         bssCOMRAM    000023
_FlagTransmit                  bssCOMRAM    000035
_FlagUSD                       bssCOMRAM    000036
_INTCON                        (abs)        000FF2
_INTCON2                       (abs)        000FF1
_INTCONbits                    (abs)        000FF2
_ISR                           intcodelo    000018
_PIE1                          (abs)        000F9D
_PIE1bits                      (abs)        000F9D
_PIR1bits                      (abs)        000F9E
_PORTA                         (abs)        000F80
_PORTB                         (abs)        000F81
_PORTBbits                     (abs)        000F81
_PORTC                         (abs)        000F82
_RCSTA                         (abs)        000FAB
_Result                        bssCOMRAM    000027
_SDHC_flag                     bssCOMRAM    000034
_SD_init                       text8        00088A
_SD_readSingleBlock            text11       000E64
_SD_sendCommand                text12       000BD4
_SD_writeSingleBlock           text10       000D56
_SPBRG                         (abs)        000FAF
_SPBRGH                        (abs)        000FB0
_SPI1_Init                     text7        0011E6
_SPI1_Read                     text14       001214
_SPI1_ReceiveWait              text15       0011F6
_SPI1_Write                    text13       001206
_SSPBUF                        (abs)        000FC9
_SSPCON1                       (abs)        000FC6
_SSPSTAT                       (abs)        000FC7
_SSPSTATbits                   (abs)        000FC7
_T0CON                         (abs)        000FD5
_TMR0H                         (abs)        000FD7
_TMR0L                         (abs)        000FD6
_TRISA                         (abs)        000F92
_TRISB                         (abs)        000F93
_TRISC                         (abs)        000F94
_TRISCbits                     (abs)        000F94
_TXREG                         (abs)        000FAD
_TXSTAbits                     (abs)        000FAC
_UART_Init                     text9        0011CA
__HRAM                         (abs)        000000
__H__absolute__                __absolute__ 000000
__Habs1                        abs1         000000
__Hbank0                       bank0        000000
__Hbank1                       bank1        000000
__Hbank2                       bank2        000000
__Hbank3                       bank3        000000
__Hbank4                       bank4        000000
__Hbank5                       bank5        000000
__Hbigbss                      bigbss       000000
__Hbigdata                     bigdata      000000
__Hbigram                      bigram       000000
__Hbigsfr                      bigsfr       000000
__Hbss                         bss          000000
__HbssBIGRAM                   bssBIGRAM    000000
__HbssCOMRAM                   bssCOMRAM    000000
__Hcinit                       cinit        000000
__Hclrtext                     clrtext      000000
__Hcomram                      comram       000000
__Hconfig                      config       30000E
__Hconst                       const        000000
__HcstackBANK0                 cstackBANK0  000000
__HcstackCOMRAM                cstackCOMRAM 000000
__Hdata                        data         000000
__Heeprom_data                 eeprom_data  000000
__Hfarbss                      farbss       000000
__Hfardata                     fardata      000000
__Hheap                        heap         000000
__Hibigdata                    ibigdata     000000
__Hidata                       idata        000000
__Hidloc                       idloc        200008
__Hifardata                    ifardata     000000
__Hinit                        init         00023A
__Hintcode                     intcode      000004
__Hintcode_body                intcode_body 000000
__Hintcodelo                   intcodelo    000236
__Hintentry                    intentry     000000
__Hintret                      intret       000000
__Hintsave_regs                intsave_regs 000000
__Hirdata                      irdata       000000
__Hmediumconst                 mediumconst  000000
__HnvFARRAM                    nvFARRAM     000000
__Hnvbit                       nvbit        000000
__Hnvrram                      nvrram       000000
__Hparam                       rparam       000000
__Hpowerup                     powerup      000236
__Hram                         ram          000000
__Hramtop                      ramtop       000600
__Hrbit                        rbit         000000
__Hrbss                        rbss         000000
__Hrdata                       rdata        000000
__Hreset_vec                   reset_vec    000004
__Hrparam                      rparam       000000
__Hsfr                         sfr          000000
__Hsivt_hi                     sivt_hi      000000
__Hsivt_lo                     sivt_lo      000000
__Hsmallconst                  smallconst   000602
__Hspace_0                     (abs)        001222
__Hspace_1                     (abs)        000488
__Hspace_2                     (abs)        000000
__Hspace_4                     (abs)        60000E
__Hstack                       stack        000000
__Hstruct                      struct       000000
__Htemp                        temp         00006B
__Htext                        text         000000
__Htext0                       text0        000000
__Htext1                       text1        000000
__Htext10                      text10       000000
__Htext11                      text11       000000
__Htext12                      text12       000000
__Htext13                      text13       000000
__Htext14                      text14       000000
__Htext15                      text15       000000
__Htext17                      text17       000000
__Htext18                      text18       000000
__Htext2                       text2        000000
__Htext3                       text3        000000
__Htext4                       text4        000000
__Htext5                       text5        000000
__Htext6                       text6        000000
__Htext7                       text7        000000
__Htext8                       text8        000000
__Htext9                       text9        000000
__LRAM                         (abs)        000001
__L__absolute__                __absolute__ 000000
__Labs1                        abs1         000000
__Lbank0                       bank0        000000
__Lbank1                       bank1        000000
__Lbank2                       bank2        000000
__Lbank3                       bank3        000000
__Lbank4                       bank4        000000
__Lbank5                       bank5        000000
__Lbigbss                      bigbss       000000
__Lbigdata                     bigdata      000000
__Lbigram                      bigram       000000
__Lbigsfr                      bigsfr       000000
__Lbss                         bss          000000
__LbssBIGRAM                   bssBIGRAM    000000
__LbssCOMRAM                   bssCOMRAM    000000
__Lcinit                       cinit        000000
__Lclrtext                     clrtext      000000
__Lcomram                      comram       000000
__Lconfig                      config       000000
__Lconst                       const        000000
__LcstackBANK0                 cstackBANK0  000000
__LcstackCOMRAM                cstackCOMRAM 000000
__Ldata                        data         000000
__Leeprom_data                 eeprom_data  000000
__Lfarbss                      farbss       000000
__Lfardata                     fardata      000000
__Lheap                        heap         000000
__Libigdata                    ibigdata     000000
__Lidata                       idata        000000
__Lidloc                       idloc        000000
__Lifardata                    ifardata     000000
__Linit                        init         000236
__Lintcode                     intcode      000004
__Lintcode_body                intcode_body 000000
__Lintcodelo                   intcodelo    000018
__Lintentry                    intentry     000000
__Lintret                      intret       000000
__Lintsave_regs                intsave_regs 000000
__Lirdata                      irdata       000000
__Lmediumconst                 mediumconst  000000
__LnvFARRAM                    nvFARRAM     000000
__Lnvbit                       nvbit        000000
__Lnvrram                      nvrram       000000
__Lparam                       rparam       000000
__Lpowerup                     powerup      000236
__Lram                         ram          000000
__Lramtop                      ramtop       000600
__Lrbit                        rbit         000000
__Lrbss                        rbss         000000
__Lrdata                       rdata        000000
__Lreset_vec                   reset_vec    000000
__Lrparam                      rparam       000000
__Lsfr                         sfr          000000
__Lsivt_hi                     sivt_hi      000000
__Lsivt_lo                     sivt_lo      000000
__Lsmallconst                  smallconst   000600
__Lspace_0                     (abs)        000000
__Lspace_1                     (abs)        000000
__Lspace_2                     (abs)        000000
__Lspace_4                     (abs)        000000
__Lstack                       stack        000000
__Lstruct                      struct       000000
__Ltemp                        temp         00006A
__Ltext                        text         000000
__Ltext0                       text0        000000
__Ltext1                       text1        000000
__Ltext10                      text10       000000
__Ltext11                      text11       000000
__Ltext12                      text12       000000
__Ltext13                      text13       000000
__Ltext14                      text14       000000
__Ltext15                      text15       000000
__Ltext17                      text17       000000
__Ltext18                      text18       000000
__Ltext2                       text2        000000
__Ltext3                       text3        000000
__Ltext4                       text4        000000
__Ltext5                       text5        000000
__Ltext6                       text6        000000
__Ltext7                       text7        000000
__Ltext8                       text8        000000
__Ltext9                       text9        000000
__S0                           (abs)        001222
__S1                           (abs)        000488
__S4                           (abs)        000000
__S5                           (abs)        000000
___heap_hi                     (abs)        000000
___heap_lo                     (abs)        000000
___inthi_sp                    stack        000000
___inthi_stack_hi              stack        000000
___inthi_stack_lo              stack        000000
___intlo_sp                    stack        000000
___intlo_stack_hi              stack        000000
___intlo_stack_lo              stack        000000
___param_bank                  (abs)        000000
___rparam_used                 (abs)        000001
___sp                          stack        000000
___stack_hi                    stack        000000
___stack_lo                    stack        000000
__accesstop                    (abs)        000080
__activetblptr                 (abs)        000000
__end_of_ISR                   intcodelo    000236
__end_of_SD_init               text8        000A40
__end_of_SD_readSingleBlock    text11       000F1A
__end_of_SD_sendCommand        text12       000D56
__end_of_SD_writeSingleBlock   text10       000E64
__end_of_SPI1_Init             text7        0011F6
__end_of_SPI1_Read             text14       001222
__end_of_SPI1_ReceiveWait      text15       001206
__end_of_SPI1_Write            text13       001214
__end_of_UART_Init             text9        0011E6
__end_of__initialization       cinit        0011C0
__end_of_init                  text5        0010E8
__end_of_init_SDMMC            text6        00116E
__end_of_init_variables        text4        0011A0
__end_of_main                  text0        00088A
__end_of_pack                  text3        001088
__end_of_pack_samples          text18       001026
__end_of_transmit              text2        001134
__end_of_unpack_samples        text1        000FAA
__end_of_writeBuffer           text17       000BD4
__initialization               cinit        0011A0
__mediumconst                  mediumconst  000000
__pbssBIGRAM                   bssBIGRAM    000088
__pbssCOMRAM                   bssCOMRAM    000001
__pcinit                       cinit        0011A0
__pcstackBANK0                 cstackBANK0  000080
__pcstackCOMRAM                cstackCOMRAM 00003B
__pintcodelo                   intcodelo    000018
__psmallconst                  smallconst   000600
__ptext0                       text0        000602
__ptext1                       text1        000F1A
__ptext10                      text10       000D56
__ptext11                      text11       000E64
__ptext12                      text12       000BD4
__ptext13                      text13       001206
__ptext14                      text14       001214
__ptext15                      text15       0011F6
__ptext17                      text17       000A40
__ptext18                      text18       000FAA
__ptext2                       text2        0010E8
__ptext3                       text3        001026
__ptext4                       text4        00116E
__ptext5                       text5        001088
__ptext6                       text6        001134
__ptext7                       text7        0011E6
__ptext8                       text8        00088A
__ptext9                       text9        0011CA
__ramtop                       ramtop       000600
__smallconst                   smallconst   000600
_cardType                      bssCOMRAM    000033
_cntTas                        bssCOMRAM    000037
_data_pack                     bssCOMRAM    000001
_init                          text5        001088
_init_SDMMC                    text6        001134
_init_variables                text4        00116E
_main                          text0        000602
_mode_event                    bssCOMRAM    00003A
_pack                          text3        001026
_pack_samples                  text18       000FAA
_read_event                    bssCOMRAM    000039
_startBlock                    bssCOMRAM    00001F
_totalBlocks                   bssCOMRAM    00001B
_transmit                      text2        0010E8
_unpack_samples                text1        000F1A
_writeBuffer                   text17       000A40
_write_event                   bssCOMRAM    000038
btemp                          temp         00006A
end_of_initialization          cinit        0011C0
init@ret                       cstackCOMRAM 000064
init_SDMMC@ret                 cstackCOMRAM 000062
int$flags                      temp         00006A
intlevel0                      text         000000
intlevel1                      text         000000
intlevel2                      text         000000
intlevel3                      text         000000
isa$std                        (abs)        000001
isa$xinst                      (abs)        000000
main@address                   cstackBANK0  000080
main@startBlock                cstackBANK0  000084
pack@Sample                    cstackCOMRAM 00004D
pack@i                         cstackCOMRAM 000051
stackhi                        (abs)        000000
stacklo                        (abs)        000000
start                          init         000236
start_initialization           cinit        0011A0
transmit@i                     cstackCOMRAM 00004D
ttemp5                         temp         00006B
ttemp6                         temp         00006E
ttemp7                         temp         000072
writeBuffer@Result             cstackCOMRAM 00003E
wtemp8                         temp         00006B


MODULE INFORMATION

Module		Function		Class		Link	Load	Size
sd_routines.c
		_SD_writeSingleBlock		CODE           	0D56	0000	270
		_SD_readSingleBlock		CODE           	0E64	0000	182
		_SD_init       		CODE           	088A	0000	438
		_SD_sendCommand		CODE           	0BD4	0000	386

sd_routines.c estimated size: 1276

spi.c
		_SPI1_Read     		CODE           	1214	0000	14
		_SPI1_Init     		CODE           	11E6	0000	16
		_SPI1_ReceiveWait		CODE           	11F6	0000	16
		_SPI1_Write    		CODE           	1206	0000	14

spi.c estimated size: 60

shared
		__initialization		CODE           	11A0	0000	32

shared estimated size: 32

main.c
		_init_variables		CODE           	116E	0000	50
		_init          		CODE           	1088	0000	96
		_ISR           		CODE           	0018	0000	542
		_UART_Init     		CODE           	11CA	0000	28
		_main          		CODE           	0602	0000	648
		_unpack_samples		CODE           	0F1A	0000	144
		_pack_samples  		CODE           	0FAA	0000	124
		_init_SDMMC    		CODE           	1134	0000	58
		_pack          		CODE           	1026	0000	98
		_writeBuffer   		CODE           	0A40	0000	404
		_transmit      		CODE           	10E8	0000	76

main.c estimated size: 2268

