Microchip MPLAB XC8 Compiler V3.00

Linker command line:

-W-3 --edf=/opt/microchip/xc8/v3.00/pic/dat/20241204225717_en.msgs -cn \
  -h+dist/default/production/Vezba7.X.production.sym \
  --cmf=dist/default/production/Vezba7.X.production.cmf -z -Q18F2525 \
  -o/tmp/xcXKfANDP/driver_tmp_3.o --defsym=__MPLAB_BUILD=1 \
  --fixupoverflow=error -Mdist/default/production/Vezba7.X.production.map \
  --md=/tmp/xcXKfANDP/driver_tmp_0.dat -E1 -ver=XC8 Compiler \
  -ACODE=00h-0BFFFh -ACONST=00h-0BFFFh -ASMALLCONST=01000h-010FFhx176 \
  -AMEDIUMCONST=01000h-0BFFFh -ACOMRAM=01h-07Fh -AABS1=00h-0F7Fh \
  -ABIGRAM=01h-0F7Fh -ARAM=080h-0FFh,0100h-01FFhx14,0F00h-0F7Fh \
  -ABANK0=080h-0FFh -ABANK1=0100h-01FFh -ABANK2=0200h-02FFh \
  -ABANK3=0300h-03FFh -ABANK4=0400h-04FFh -ABANK5=0500h-05FFh \
  -ABANK6=0600h-06FFh -ABANK7=0700h-07FFh -ABANK8=0800h-08FFh \
  -ABANK9=0900h-09FFh -ABANK10=0A00h-0AFFh -ABANK11=0B00h-0BFFh \
  -ABANK12=0C00h-0CFFh -ABANK13=0D00h-0DFFh -ABANK14=0E00h-0EFFh \
  -ABANK15=0F00h-0F7Fh -ASFR=0F80h-0FFFh -ABIGSFR=0F80h-0FFFh \
  -ACONFIG=0300000h-030000Dh -AIDLOC=0200000h-0200007h \
  -AEEDATA=0F00000h-0F003FFh -peeprom_data=EEDATA \
  -preset_vec=00h,intcode=8h,intcodelo=18h,sivt_lo,sivt_hi=CODE \
  -ppowerup=CODE,init -pramtop=01000h -psmallconst=SMALLCONST \
  -pmediumconst=MEDIUMCONST -pconst=CONST -AFARRAM=00h-00h \
  -prdata=COMRAM,nvrram=COMRAM,nvbit=COMRAM,rbss=COMRAM,rbit=COMRAM \
  -pfarbss=FARRAM,fardata=FARRAM,nvFARRAM=FARRAM \
  -pintsave_regs=BIGRAM,bigbss=BIGRAM,bigdata=BIGRAM -pbss=RAM \
  -pidata=CODE,irdata=CODE,ibigdata=CODE,ifardata=CODE -prparam=COMRAM \
  /tmp/xcXKfANDP/driver_tmp_9.o \
  dist/default/production/Vezba7.X.production.o 

Object code version is 3.11

Machine type is 18F2525



                Name                               Link     Load   Length Selector   Space Scale
/tmp/xcXKfANDP/driver_tmp_9.o
                idloc                            200000   200000        8        0       5
                config                           300000   300000        E        0       4
                init                                 60       60        4        C       0
                reset_vec                             0        0        4        0       0
dist/default/production/Vezba7.X.production.o
                intcodelo                            18       18       48        C       0
                idloc                            200000   200000        8        0       5
                config                           300000   300000        E        0       4
                temp                                 20       20        1        1       1
                smallconst                         1000     1000        2      800       0
                text7                              11BA     11BA       1A      801       0
                text6                              110C     110C       3C      801       0
                text5                              1200     1200       14      801       0
                text4                              1182     1182       38      801       0
                text3                              1148     1148       3A      801       0
                text2                              11EA     11EA       16      801       0
                text1                              1098     1098       74      801       0
                text0                              1002     1002       96      801       0
                cstackCOMRAM                         15       15        B        1       1
                bssCOMRAM                             1        1       14        1       1
                cinit                              11D4     11D4       16      801       0

TOTAL           Name                               Link     Load   Length     Space
        CLASS   CODE           
                intcodelo                            18       18       48         0
                init                                 60       60        4         0
                reset_vec                             0        0        4         0
                text7                              11BA     11BA       1A         0
                text6                              110C     110C       3C         0
                text5                              1200     1200       14         0
                text4                              1182     1182       38         0
                text3                              1148     1148       3A         0
                text2                              11EA     11EA       16         0
                text1                              1098     1098       74         0
                text0                              1002     1002       96         0
                cinit                              11D4     11D4       16         0

        CLASS   CONST          

        CLASS   SMALLCONST     
                smallconst                         1000     1000        2         0

        CLASS   MEDIUMCONST    

        CLASS   COMRAM         
                temp                                 20       20        1         1
                cstackCOMRAM                         15       15        B         1
                bssCOMRAM                             1        1       14         1

        CLASS   ABS1           

        CLASS   BIGRAM         

        CLASS   RAM            

        CLASS   BANK0          

        CLASS   BANK1          

        CLASS   BANK2          

        CLASS   BANK3          

        CLASS   BANK4          

        CLASS   BANK5          

        CLASS   BANK6          

        CLASS   BANK7          

        CLASS   BANK8          

        CLASS   BANK9          

        CLASS   BANK10         

        CLASS   BANK11         

        CLASS   BANK12         

        CLASS   BANK13         

        CLASS   BANK14         

        CLASS   BANK15         

        CLASS   SFR            

        CLASS   BIGSFR         

        CLASS   CONFIG         
                config                           300000   300000        E         4

        CLASS   IDLOC          
                idloc                            200000   200000        8         5

        CLASS   EEDATA         

        CLASS   FARRAM         

        CLASS   HEAP           

        CLASS   STACK          



SEGMENTS        Name                           Load    Length   Top    Selector   Space  Class

                reset_vec                      000000  000004  000004         0       0  CODE    
                bssCOMRAM                      000001  000020  000021         1       1  COMRAM  
                text0                          001002  000212  001214       801       0  CODE    
                smallconst                     001000  000002  001002       800       0  SMALLCON
                intcodelo                      000018  00004C  000064         C       0  CODE    


UNUSED ADDRESS RANGES

        Name                Unused          Largest block    Delta
        BANK0            000080-0000FF               80
        BANK1            000100-0001FF              100
        BANK10           000A00-000AFF              100
        BANK11           000B00-000BFF              100
        BANK12           000C00-000CFF              100
        BANK13           000D00-000DFF              100
        BANK14           000E00-000EFF              100
        BANK15           000F00-000F7F               80
        BANK2            000200-0002FF              100
        BANK3            000300-0003FF              100
        BANK4            000400-0004FF              100
        BANK5            000500-0005FF              100
        BANK6            000600-0006FF              100
        BANK7            000700-0007FF              100
        BANK8            000800-0008FF              100
        BANK9            000900-0009FF              100
        BIGRAM           000021-000F7F              F5F
        BIGSFR           000F80-000FFF               80
        CODE             000004-000017               14
                         000064-000FFF              F9C
                         001214-00BFFF             ADEC
        COMRAM           000021-00007F               5F
        CONST            000004-000017               14
                         000064-000FFF              F9C
                         001214-00BFFF             ADEC
        EEDATA           F00000-F003FF              400
        MEDIUMCONST      001214-00BFFF             ADEC
        RAM              000080-000F7F              100
        SFR              000F80-000FFF               80
        SMALLCONST       001214-00BFFF              100

                                  Symbol Table

?_konvertovanje          cstackCOMRAM 000018
_ADCON0                  (abs)        000FC2
_ADCON0bits              (abs)        000FC2
_ADCON1                  (abs)        000FC1
_ADCON2                  (abs)        000FC0
_ADRESH                  (abs)        000FC4
_ADRESL                  (abs)        000FC3
_BAUDCONbits             (abs)        000FB8
_ByteX                   bssCOMRAM    000001
_CCP2CON                 (abs)        000FBA
_CCPR2L                  (abs)        000FBB
_Flag_4ms                bssCOMRAM    000014
_INTCON                  (abs)        000FF2
_INTCON2                 (abs)        000FF1
_INTCONbits              (abs)        000FF2
_ISR                     intcodelo    000018
_PIE1                    (abs)        000F9D
_PORTA                   (abs)        000F80
_PORTB                   (abs)        000F81
_PORTBbits               (abs)        000F81
_PORTC                   (abs)        000F82
_PR2                     (abs)        000FCB
_RCSTA                   (abs)        000FAB
_SPBRG                   (abs)        000FAF
_T0CON                   (abs)        000FD5
_T2CON                   (abs)        000FCA
_TMR0H                   (abs)        000FD7
_TMR0L                   (abs)        000FD6
_TRISA                   (abs)        000F92
_TRISB                   (abs)        000F93
_TRISBbits               (abs)        000F93
_TRISC                   (abs)        000F94
_TRISCbits               (abs)        000F94
_TXREG                   (abs)        000FAD
_TXSTAbits               (abs)        000FAC
_UART_Init               text7        0011BA
__HRAM                   (abs)        000000
__H__absolute__          __absolute__ 000000
__Habs1                  abs1         000000
__Hbank0                 bank0        000000
__Hbank1                 bank1        000000
__Hbank10                bank10       000000
__Hbank11                bank11       000000
__Hbank12                bank12       000000
__Hbank13                bank13       000000
__Hbank14                bank14       000000
__Hbank15                bank15       000000
__Hbank2                 bank2        000000
__Hbank3                 bank3        000000
__Hbank4                 bank4        000000
__Hbank5                 bank5        000000
__Hbank6                 bank6        000000
__Hbank7                 bank7        000000
__Hbank8                 bank8        000000
__Hbank9                 bank9        000000
__Hbigbss                bigbss       000000
__Hbigdata               bigdata      000000
__Hbigram                bigram       000000
__Hbigsfr                bigsfr       000000
__Hbss                   bss          000000
__HbssCOMRAM             bssCOMRAM    000000
__Hcinit                 cinit        000000
__Hclrtext               clrtext      000000
__Hcomram                comram       000000
__Hconfig                config       30000E
__Hconst                 const        000000
__HcstackCOMRAM          cstackCOMRAM 000000
__Hdata                  data         000000
__Heeprom_data           eeprom_data  000000
__Hfarbss                farbss       000000
__Hfardata               fardata      000000
__Hheap                  heap         000000
__Hibigdata              ibigdata     000000
__Hidata                 idata        000000
__Hidloc                 idloc        200008
__Hifardata              ifardata     000000
__Hinit                  init         000064
__Hintcode               intcode      000008
__Hintcode_body          intcode_body 000000
__Hintcodelo             intcodelo    000060
__Hintentry              intentry     000000
__Hintret                intret       000000
__Hintsave_regs          intsave_regs 000000
__Hirdata                irdata       000000
__Hmediumconst           mediumconst  000000
__HnvFARRAM              nvFARRAM     000000
__Hnvbit                 nvbit        000000
__Hnvrram                nvrram       000000
__Hparam                 rparam       000000
__Hpowerup               powerup      000000
__Hram                   ram          000000
__Hramtop                ramtop       001000
__Hrbit                  rbit         000000
__Hrbss                  rbss         000000
__Hrdata                 rdata        000000
__Hreset_vec             reset_vec    000004
__Hrparam                rparam       000000
__Hsfr                   sfr          000000
__Hsivt_hi               sivt_hi      000000
__Hsivt_lo               sivt_lo      000060
__Hsmallconst            smallconst   001002
__Hspace_0               (abs)        001214
__Hspace_1               (abs)        000021
__Hspace_2               (abs)        000000
__Hspace_4               (abs)        60000E
__Hstack                 stack        000000
__Hstruct                struct       000000
__Htemp                  temp         000021
__Htext                  text         000000
__Htext0                 text0        000000
__Htext1                 text1        000000
__Htext2                 text2        000000
__Htext3                 text3        000000
__Htext4                 text4        000000
__Htext5                 text5        000000
__Htext6                 text6        000000
__Htext7                 text7        000000
__LRAM                   (abs)        000001
__L__absolute__          __absolute__ 000000
__Labs1                  abs1         000000
__Lbank0                 bank0        000000
__Lbank1                 bank1        000000
__Lbank10                bank10       000000
__Lbank11                bank11       000000
__Lbank12                bank12       000000
__Lbank13                bank13       000000
__Lbank14                bank14       000000
__Lbank15                bank15       000000
__Lbank2                 bank2        000000
__Lbank3                 bank3        000000
__Lbank4                 bank4        000000
__Lbank5                 bank5        000000
__Lbank6                 bank6        000000
__Lbank7                 bank7        000000
__Lbank8                 bank8        000000
__Lbank9                 bank9        000000
__Lbigbss                bigbss       000000
__Lbigdata               bigdata      000000
__Lbigram                bigram       000000
__Lbigsfr                bigsfr       000000
__Lbss                   bss          000000
__LbssCOMRAM             bssCOMRAM    000000
__Lcinit                 cinit        000000
__Lclrtext               clrtext      000000
__Lcomram                comram       000000
__Lconfig                config       000000
__Lconst                 const        000000
__LcstackCOMRAM          cstackCOMRAM 000000
__Ldata                  data         000000
__Leeprom_data           eeprom_data  000000
__Lfarbss                farbss       000000
__Lfardata               fardata      000000
__Lheap                  heap         000000
__Libigdata              ibigdata     000000
__Lidata                 idata        000000
__Lidloc                 idloc        000000
__Lifardata              ifardata     000000
__Linit                  init         000060
__Lintcode               intcode      000008
__Lintcode_body          intcode_body 000000
__Lintcodelo             intcodelo    000018
__Lintentry              intentry     000000
__Lintret                intret       000000
__Lintsave_regs          intsave_regs 000000
__Lirdata                irdata       000000
__Lmediumconst           mediumconst  000000
__LnvFARRAM              nvFARRAM     000000
__Lnvbit                 nvbit        000000
__Lnvrram                nvrram       000000
__Lparam                 rparam       000000
__Lpowerup               powerup      000000
__Lram                   ram          000000
__Lramtop                ramtop       001000
__Lrbit                  rbit         000000
__Lrbss                  rbss         000000
__Lrdata                 rdata        000000
__Lreset_vec             reset_vec    000000
__Lrparam                rparam       000000
__Lsfr                   sfr          000000
__Lsivt_hi               sivt_hi      000000
__Lsivt_lo               sivt_lo      000060
__Lsmallconst            smallconst   001000
__Lspace_0               (abs)        000000
__Lspace_1               (abs)        000000
__Lspace_2               (abs)        000000
__Lspace_4               (abs)        000000
__Lstack                 stack        000000
__Lstruct                struct       000000
__Ltemp                  temp         000020
__Ltext                  text         000000
__Ltext0                 text0        000000
__Ltext1                 text1        000000
__Ltext2                 text2        000000
__Ltext3                 text3        000000
__Ltext4                 text4        000000
__Ltext5                 text5        000000
__Ltext6                 text6        000000
__Ltext7                 text7        000000
__S0                     (abs)        001214
__S1                     (abs)        000021
__S4                     (abs)        000000
__S5                     (abs)        000000
___heap_hi               (abs)        000000
___heap_lo               (abs)        000000
___inthi_sp              stack        000000
___inthi_stack_hi        stack        000000
___inthi_stack_lo        stack        000000
___intlo_sp              stack        000000
___intlo_stack_hi        stack        000000
___intlo_stack_lo        stack        000000
___param_bank            (abs)        000000
___rparam_used           (abs)        000001
___sp                    stack        000000
___stack_hi              stack        000000
___stack_lo              stack        000000
__accesstop              (abs)        000080
__activetblptr           (abs)        000000
__end_of_ISR             intcodelo    000060
__end_of_UART_Init       text7        0011D4
__end_of__initialization cinit        0011E0
__end_of_init            text6        001148
__end_of_init_pwm        text5        001214
__end_of_init_vars       text4        0011BA
__end_of_konvertovanje   text3        001182
__end_of_main            text0        001098
__end_of_pakIsl          text1        00110C
__end_of_transmit_data   text2        001200
__initialization         cinit        0011D4
__mediumconst            smallconst   001000
__pbssCOMRAM             bssCOMRAM    000001
__pcinit                 cinit        0011D4
__pcstackCOMRAM          cstackCOMRAM 000015
__pintcodelo             intcodelo    000018
__psmallconst            smallconst   001000
__ptext0                 text0        001002
__ptext1                 text1        001098
__ptext2                 text2        0011EA
__ptext3                 text3        001148
__ptext4                 text4        001182
__ptext5                 text5        001200
__ptext6                 text6        00110C
__ptext7                 text7        0011BA
__ramtop                 ramtop       001000
__smallconst             smallconst   001000
_cntTimer                bssCOMRAM    000013
_init                    text6        00110C
_init_pwm                text5        001200
_init_vars               text4        001182
_konvertovanje           text3        001148
_main                    text0        001002
_pakIsl                  text1        001098
_result_ECG              bssCOMRAM    000011
_result_RESP             bssCOMRAM    00000F
_transmit_data           text2        0011EA
btemp                    temp         000020
end_of_initialization    cinit        0011E0
init_vars@i              cstackCOMRAM 000018
int$flags                temp         000020
intlevel0                text         000000
intlevel1                text         000000
intlevel2                text         000000
intlevel3                text         000000
isa$std                  (abs)        000001
isa$xinst                (abs)        000000
konvertovanje@kanal      cstackCOMRAM 00001C
pakIsl@D1                cstackCOMRAM 00001A
pakIsl@Resp              cstackCOMRAM 00001C
pakIsl@i                 cstackCOMRAM 00001E
stackhi                  (abs)        000000
stacklo                  (abs)        000000
start                    init         000060
start_initialization     cinit        0011D4
transmit_data@data_8b    cstackCOMRAM 000018
ttemp5                   temp         000021
ttemp6                   temp         000024
ttemp7                   temp         000028
wtemp8                   temp         000021


MODULE INFORMATION

Module		Function		Class		Link	Load	Size
shared
		__initialization		CODE           	11D4	0000	12

shared estimated size: 12

main.c
		_konvertovanje 		CODE           	1148	0000	58
		_transmit_data 		CODE           	11EA	0000	22
		_init          		CODE           	110C	0000	60
		_ISR           		CODE           	0018	0000	72
		_pakIsl        		CODE           	1098	0000	116
		_UART_Init     		CODE           	11BA	0000	26
		_main          		CODE           	1002	0000	150
		_init_vars     		CODE           	1182	0000	56
		_init_pwm      		CODE           	1200	0000	20

main.c estimated size: 580

